// Vitest Snapshot v1, https://vitest.dev/guide/snapshot.html

exports[`DEFAULT_CONFIG > matches snapshot (guards against accidental mutations) 1`] = `
{
  "annualSalary": null,
  "attendanceBucketEnabled": null,
  "baseRate": 19.65,
  "benefitsStartDate": null,
  "bucketCap": 128,
  "bucketPayoutRate": 9.825,
  "bucketStartBalance": 64,
  "bufferEnabled": true,
  "bufferOverrideAck": false,
  "commissionMonthly": 0,
  "dentalPremium": 0,
  "dhlCustomSchedule": false,
  "dhlNightShift": true,
  "dhlOtOnWeekend": false,
  "dhlTeam": null,
  "diffRate": 1.75,
  "employerPreset": null,
  "fedRateHigh": 0.1283,
  "fedRateLow": 0.0784,
  "fedStdDeduction": 15000,
  "ficaRate": 0.0765,
  "firstActiveIdx": 7,
  "fsaWeekly": 0,
  "healthPremium": 0,
  "hsaWeekly": 0,
  "k401MatchRate": 0,
  "k401Rate": 0,
  "k401StartDate": null,
  "lifePremium": 0,
  "ltd": 0,
  "moFlatRate": 0.047,
  "nightDiffRate": 1.5,
  "otMultiplier": 1.5,
  "otThreshold": 40,
  "otherDeductions": [],
  "payPeriodEndDay": 0,
  "paycheckBuffer": 50,
  "scheduleIsVariable": false,
  "selectedBenefits": [],
  "setupComplete": false,
  "shiftHours": 12,
  "standardWeeklyHours": 40,
  "startDate": null,
  "startingWeekIsLong": null,
  "stateRateHigh": 0.04,
  "stateRateLow": 0.0338,
  "stdWeekly": 0,
  "targetOwedAtFiling": 1000,
  "taxExemptOptIn": false,
  "taxRatesEstimated": false,
  "taxedWeeks": [
    7,
    8,
    19,
    20,
    21,
    22,
    37,
    38,
    39,
    40,
    41,
    42,
    43,
    44,
    45,
    46,
    47,
    48,
    49,
    50,
    51,
    52,
  ],
  "userPaySchedule": "weekly",
  "userState": "MO",
  "visionPremium": 0,
  "w1FedRate": 0.0784,
  "w1StateRate": 0.0338,
  "w2FedRate": 0.1283,
  "w2StateRate": 0.04,
}
`;

exports[`FED_BRACKETS > matches snapshot (catches accidental bracket edits) 1`] = `
[
  [
    11925,
    0.1,
  ],
  [
    48475,
    0.12,
  ],
  [
    103350,
    0.22,
  ],
  [
    Infinity,
    0.24,
  ],
]
`;

exports[`INITIAL_EXPENSES > matches snapshot 1`] = `
[
  {
    "billingMeta": {
      "amount": 400,
      "cycle": "every30days",
      "effectiveFrom": "2026-01-05",
    },
    "category": "Needs",
    "history": [
      {
        "effectiveFrom": "2026-01-05",
        "weekly": [
          100,
          100,
          100,
          100,
        ],
      },
    ],
    "id": "exp_default_food",
    "isFoodHighlighted": true,
    "isFoodPrimary": true,
    "label": "Food",
    "note": [
      "",
      "",
      "",
      "",
    ],
  },
]
`;

exports[`INITIAL_GOALS > matches snapshot 1`] = `[]`;
